[31mFAIL[0m T01_river_thin_value
  expected: verdict=BET (size~33%)
  got     : verdict=BET  size=1/3 pot
  gto: [90mThis is a spot where we need to evaluate the potential for thin value versus the safety of checking back with showdown value. The primary co[0m…
[32mPASS[0m T02_river_bluffcatch  → verdict=CALL  [90m[0m
[32mPASS[0m T03_bvb_preflop_defend  → verdict=CALL  [90m[0m
[32mPASS[0m T11_pre_open_late_22  → verdict=RAISE  [90m2.2x-2.5x[0m
[32mPASS[0m T12_pre_open_ep_ako  → verdict=RAISE  [90m2.2x-2.5x[0m
[32mPASS[0m T14_pre_3b_btn_vs_co_aqo  → verdict=RAISE  [90m3x to 4x the CO's raise[0m
[32mPASS[0m T21_flop_cbet_ip_dry  → verdict=BET  [90mSmall[0m
[31mFAIL[0m T22_flop_check_ip_wet_mp
  expected: verdict=CHECK
  got     : verdict=BET  size=Small
  gto: [90mThis is a Range Advantage spot for the Button. The board 9s8s6h is quite connected and favors the Big Blind's calling range, which includes [0m…
[32mPASS[0m T24_flop_xraise_set_dry  → verdict=CHECK-RAISE  [90m3x to 4x the bet[0m
[31mFAIL[0m T26_flop_cbet_3bp_ip_paired
  expected: verdict=BET (size~33%)
  got     : verdict=BET  size=Small
  gto: [90mThis is a Range Advantage spot for the Button. The board is very dry with JsJd4c, and the Button's range contains more high cards and overpa[0m…
[32mPASS[0m T30_turn_barrel_scare  → verdict=BET  [90m2/3 Pot[0m
[32mPASS[0m T32_turn_giveup_brick  → verdict=CHECK  [90m[0m
[32mPASS[0m T34_turn_call_top_pair  → verdict=CALL  [90m[0m
[32mPASS[0m T37_river_jam_value  → verdict=BET  [90mSmall to medium bet for thin value[0m
[32mPASS[0m T40_river_check_giveup  → verdict=CHECK  [90m[0m
[31mFAIL[0m T43_river_thin_vbet_oop
  expected: verdict=BET
  got     : verdict=CHECK  size=undefined
  gto: [90mThis is a Range Advantage spot for the Hero. On the flop, Hero's range is stronger because Hero raised preflop and bet on a K-high board, wh[0m…
[31mFAIL[0m T44_river_fold_2nd_pair
  expected: verdict=FOLD
  got     : verdict=CALL  size=undefined
  gto: [90mThis is a spot where we need to consider our defense against aggression. The primary concept here is Minimum Defense Frequency (MDF). We mus[0m…
[32mPASS[0m T46_river_check_back_ace_high  → verdict=CHECK  [90m[0m
[31mFAIL[0m T48_river_donk_fail
  expected: verdict=CHECK
  got     : verdict=FOLD  size=undefined
  gto: [90mIn this spot, we are out of position on the river in a single-raised pot. The board is Ks8h3d9cJd, and we hold 2c2d. Our primary concept her[0m…
[31mFAIL[0m T50_river_jam_bluff_missed_fd
  expected: verdict=BET
  got     : verdict=CHECK  size=undefined
  gto: [90mThis is a spot where we need to evaluate our hand's value versus its showdown potential. The board is Ks7s2dQd2c, and you hold AsXs, which g[0m…

13/20 passed. [31m✘[0m
